// Jest Snapshot v1, https://goo.gl/fbAQLP

exports[`ProfileCard matches snapshot 1`] = `
<div>
  <div>
    <div
      class="card w-96 bg-base-200 shadow-xl"
    >
      <div
        class="card-body"
      >
        <h2
          class="card-title capitalize"
          data-testid="userName"
        >
          JohnDoe
        </h2>
        <section
          class="mt-6 flex gap-7 items-center justify-center"
        >
          <div
            class="avatar "
          >
            <div
              class="w-24 rounded-full bg-slate-50"
            >
              <img
                src="john-doe.jpg"
              />
            </div>
          </div>
          <div
            class="flex-1  min-h-[96px] flex flex-col gap-4 justify-start items-start"
          >
            <label
              class="capitalize"
              data-testid="userId"
            >
              Id : 
              12345
            </label>
            <label
              class="capitalize"
              data-testid="userType"
            >
              Type : 
              User
            </label>
            <label
              class="capitalize"
              data-testid="userScore"
            >
              score : 
              100
            </label>
          </div>
        </section>
      </div>
    </div>
  </div>
</div>
`;
